test_result.log:
Failure:
test_comments_generate_change_reports(ActivityStreamTest)